#Timing report of worst 6 path(s)
# Unit scale: 1e-09 seconds
# Output precision: 3

#Path 1
Startpoint: blink^r_counter~0_FF.Q[0] (.latch clocked by blink^clk)
Endpoint  : blink^r_counter~3_FF.D[0] (.latch clocked by blink^clk)
Path Type : setup

Point                                                             Incr      Path
--------------------------------------------------------------------------------
clock blink^clk (rise edge)                                      0.000     0.000
clock source latency                                             0.000     0.000
blink^clk.inpad[0] (.input)                                      0.000     0.000
blink^r_counter~0_FF.clk[0] (.latch)                             0.754     0.754
blink^r_counter~0_FF.Q[0] (.latch) [clock-to-output]             0.060     0.815
n25.in[0] (.names)                                               0.754     1.569
n25.out[0] (.names)                                              0.114     1.684
n22.in[1] (.names)                                               0.754     2.438
n22.out[0] (.names)                                              0.114     2.553
blink^r_counter~3_FF.D[0] (.latch)                               0.754     3.307
data arrival time                                                          3.307

clock blink^clk (rise edge)                                      0.000     0.000
clock source latency                                             0.000     0.000
blink^clk.inpad[0] (.input)                                      0.000     0.000
blink^r_counter~3_FF.clk[0] (.latch)                             0.754     0.754
clock uncertainty                                                0.000     0.754
cell setup time                                                 -0.019     0.736
data required time                                                         0.736
--------------------------------------------------------------------------------
data required time                                                         0.736
data arrival time                                                         -3.307
--------------------------------------------------------------------------------
slack (VIOLATED)                                                          -2.572


#Path 2
Startpoint: blink^r_counter~0_FF.Q[0] (.latch clocked by blink^clk)
Endpoint  : blink^r_counter~4_FF.D[0] (.latch clocked by blink^clk)
Path Type : setup

Point                                                             Incr      Path
--------------------------------------------------------------------------------
clock blink^clk (rise edge)                                      0.000     0.000
clock source latency                                             0.000     0.000
blink^clk.inpad[0] (.input)                                      0.000     0.000
blink^r_counter~0_FF.clk[0] (.latch)                             0.754     0.754
blink^r_counter~0_FF.Q[0] (.latch) [clock-to-output]             0.060     0.815
n27_1.in[0] (.names)                                             0.754     1.569
n27_1.out[0] (.names)                                            0.114     1.684
n27.in[1] (.names)                                               0.754     2.438
n27.out[0] (.names)                                              0.114     2.553
blink^r_counter~4_FF.D[0] (.latch)                               0.754     3.307
data arrival time                                                          3.307

clock blink^clk (rise edge)                                      0.000     0.000
clock source latency                                             0.000     0.000
blink^clk.inpad[0] (.input)                                      0.000     0.000
blink^r_counter~4_FF.clk[0] (.latch)                             0.754     0.754
clock uncertainty                                                0.000     0.754
cell setup time                                                 -0.019     0.736
data required time                                                         0.736
--------------------------------------------------------------------------------
data required time                                                         0.736
data arrival time                                                         -3.307
--------------------------------------------------------------------------------
slack (VIOLATED)                                                          -2.572


#Path 3
Startpoint: blink^r_counter~4_FF.Q[0] (.latch clocked by blink^clk)
Endpoint  : out:blink^o_led.outpad[0] (.output clocked by blink^clk)
Path Type : setup

Point                                                             Incr      Path
--------------------------------------------------------------------------------
clock blink^clk (rise edge)                                      0.000     0.000
clock source latency                                             0.000     0.000
blink^clk.inpad[0] (.input)                                      0.000     0.000
blink^r_counter~4_FF.clk[0] (.latch)                             0.754     0.754
blink^r_counter~4_FF.Q[0] (.latch) [clock-to-output]             0.060     0.815
blink^o_led.in[0] (.names)                                       0.754     1.569
blink^o_led.out[0] (.names)                                      0.114     1.684
out:blink^o_led.outpad[0] (.output)                              0.754     2.438
data arrival time                                                          2.438

clock blink^clk (rise edge)                                      0.000     0.000
clock source latency                                             0.000     0.000
clock uncertainty                                                0.000     0.000
output external delay                                            0.000     0.000
data required time                                                         0.000
--------------------------------------------------------------------------------
data required time                                                         0.000
data arrival time                                                         -2.438
--------------------------------------------------------------------------------
slack (VIOLATED)                                                          -2.438


#Path 4
Startpoint: blink^r_counter~0_FF.Q[0] (.latch clocked by blink^clk)
Endpoint  : blink^r_counter~0_FF.D[0] (.latch clocked by blink^clk)
Path Type : setup

Point                                                             Incr      Path
--------------------------------------------------------------------------------
clock blink^clk (rise edge)                                      0.000     0.000
clock source latency                                             0.000     0.000
blink^clk.inpad[0] (.input)                                      0.000     0.000
blink^r_counter~0_FF.clk[0] (.latch)                             0.754     0.754
blink^r_counter~0_FF.Q[0] (.latch) [clock-to-output]             0.060     0.815
n7.in[1] (.names)                                                0.754     1.569
n7.out[0] (.names)                                               0.114     1.684
blink^r_counter~0_FF.D[0] (.latch)                               0.754     2.438
data arrival time                                                          2.438

clock blink^clk (rise edge)                                      0.000     0.000
clock source latency                                             0.000     0.000
blink^clk.inpad[0] (.input)                                      0.000     0.000
blink^r_counter~0_FF.clk[0] (.latch)                             0.754     0.754
clock uncertainty                                                0.000     0.754
cell setup time                                                 -0.019     0.736
data required time                                                         0.736
--------------------------------------------------------------------------------
data required time                                                         0.736
data arrival time                                                         -2.438
--------------------------------------------------------------------------------
slack (VIOLATED)                                                          -1.703


#Path 5
Startpoint: blink^r_counter~0_FF.Q[0] (.latch clocked by blink^clk)
Endpoint  : blink^r_counter~1_FF.D[0] (.latch clocked by blink^clk)
Path Type : setup

Point                                                             Incr      Path
--------------------------------------------------------------------------------
clock blink^clk (rise edge)                                      0.000     0.000
clock source latency                                             0.000     0.000
blink^clk.inpad[0] (.input)                                      0.000     0.000
blink^r_counter~0_FF.clk[0] (.latch)                             0.754     0.754
blink^r_counter~0_FF.Q[0] (.latch) [clock-to-output]             0.060     0.815
n12.in[1] (.names)                                               0.754     1.569
n12.out[0] (.names)                                              0.114     1.684
blink^r_counter~1_FF.D[0] (.latch)                               0.754     2.438
data arrival time                                                          2.438

clock blink^clk (rise edge)                                      0.000     0.000
clock source latency                                             0.000     0.000
blink^clk.inpad[0] (.input)                                      0.000     0.000
blink^r_counter~1_FF.clk[0] (.latch)                             0.754     0.754
clock uncertainty                                                0.000     0.754
cell setup time                                                 -0.019     0.736
data required time                                                         0.736
--------------------------------------------------------------------------------
data required time                                                         0.736
data arrival time                                                         -2.438
--------------------------------------------------------------------------------
slack (VIOLATED)                                                          -1.703


#Path 6
Startpoint: blink^r_counter~0_FF.Q[0] (.latch clocked by blink^clk)
Endpoint  : blink^r_counter~2_FF.D[0] (.latch clocked by blink^clk)
Path Type : setup

Point                                                             Incr      Path
--------------------------------------------------------------------------------
clock blink^clk (rise edge)                                      0.000     0.000
clock source latency                                             0.000     0.000
blink^clk.inpad[0] (.input)                                      0.000     0.000
blink^r_counter~0_FF.clk[0] (.latch)                             0.754     0.754
blink^r_counter~0_FF.Q[0] (.latch) [clock-to-output]             0.060     0.815
n17.in[0] (.names)                                               0.754     1.569
n17.out[0] (.names)                                              0.114     1.684
blink^r_counter~2_FF.D[0] (.latch)                               0.754     2.438
data arrival time                                                          2.438

clock blink^clk (rise edge)                                      0.000     0.000
clock source latency                                             0.000     0.000
blink^clk.inpad[0] (.input)                                      0.000     0.000
blink^r_counter~2_FF.clk[0] (.latch)                             0.754     0.754
clock uncertainty                                                0.000     0.754
cell setup time                                                 -0.019     0.736
data required time                                                         0.736
--------------------------------------------------------------------------------
data required time                                                         0.736
data arrival time                                                         -2.438
--------------------------------------------------------------------------------
slack (VIOLATED)                                                          -1.703


#End of timing report
