#Timing report of worst 6 path(s)
# Unit scale: 1e-09 seconds
# Output precision: 3

#Path 1
Startpoint: blink^r_counter~2_FF.Q[0] (.latch clocked by blink^clk)
Endpoint  : blink^r_counter~3_FF.D[0] (.latch clocked by blink^clk)
Path Type : setup

Point                                                             Incr      Path
--------------------------------------------------------------------------------
clock blink^clk (rise edge)                                      0.000     0.000
clock source latency                                             0.000     0.000
blink^clk.inpad[0] (.input)                                      0.000     0.000
blink^r_counter~2_FF.clk[0] (.latch)                             0.042     0.042
blink^r_counter~2_FF.Q[0] (.latch) [clock-to-output]             0.060     0.103
n25.in[2] (.names)                                               8.587     8.690
n25.out[0] (.names)                                              0.115     8.805
n22.in[1] (.names)                                               8.534    17.339
n22.out[0] (.names)                                              0.115    17.454
blink^r_counter~3_FF.D[0] (.latch)                               0.000    17.454
data arrival time                                                         17.454

clock blink^clk (rise edge)                                      0.000     0.000
clock source latency                                             0.000     0.000
blink^clk.inpad[0] (.input)                                      0.000     0.000
blink^r_counter~3_FF.clk[0] (.latch)                             0.042     0.042
clock uncertainty                                                0.000     0.042
cell setup time                                                 -0.019     0.024
data required time                                                         0.024
--------------------------------------------------------------------------------
data required time                                                         0.024
data arrival time                                                        -17.454
--------------------------------------------------------------------------------
slack (VIOLATED)                                                         -17.430


#Path 2
Startpoint: blink^r_counter~2_FF.Q[0] (.latch clocked by blink^clk)
Endpoint  : blink^r_counter~4_FF.D[0] (.latch clocked by blink^clk)
Path Type : setup

Point                                                             Incr      Path
--------------------------------------------------------------------------------
clock blink^clk (rise edge)                                      0.000     0.000
clock source latency                                             0.000     0.000
blink^clk.inpad[0] (.input)                                      0.000     0.000
blink^r_counter~2_FF.clk[0] (.latch)                             0.042     0.042
blink^r_counter~2_FF.Q[0] (.latch) [clock-to-output]             0.060     0.103
n27_1.in[2] (.names)                                            10.144    10.246
n27_1.out[0] (.names)                                            0.115    10.361
n27.in[1] (.names)                                               3.556    13.917
n27.out[0] (.names)                                              0.115    14.031
blink^r_counter~4_FF.D[0] (.latch)                               0.000    14.031
data arrival time                                                         14.031

clock blink^clk (rise edge)                                      0.000     0.000
clock source latency                                             0.000     0.000
blink^clk.inpad[0] (.input)                                      0.000     0.000
blink^r_counter~4_FF.clk[0] (.latch)                             0.042     0.042
clock uncertainty                                                0.000     0.042
cell setup time                                                 -0.019     0.024
data required time                                                         0.024
--------------------------------------------------------------------------------
data required time                                                         0.024
data arrival time                                                        -14.031
--------------------------------------------------------------------------------
slack (VIOLATED)                                                         -14.008


#Path 3
Startpoint: blink^r_counter~4_FF.Q[0] (.latch clocked by blink^clk)
Endpoint  : out:blink^o_led.outpad[0] (.output clocked by blink^clk)
Path Type : setup

Point                                                             Incr      Path
--------------------------------------------------------------------------------
clock blink^clk (rise edge)                                      0.000     0.000
clock source latency                                             0.000     0.000
blink^clk.inpad[0] (.input)                                      0.000     0.000
blink^r_counter~4_FF.clk[0] (.latch)                             0.042     0.042
blink^r_counter~4_FF.Q[0] (.latch) [clock-to-output]             0.060     0.103
blink^o_led.in[0] (.names)                                       3.569     3.672
blink^o_led.out[0] (.names)                                      0.115     3.786
out:blink^o_led.outpad[0] (.output)                              9.284    13.070
data arrival time                                                         13.070

clock blink^clk (rise edge)                                      0.000     0.000
clock source latency                                             0.000     0.000
clock uncertainty                                                0.000     0.000
output external delay                                            0.000     0.000
data required time                                                         0.000
--------------------------------------------------------------------------------
data required time                                                         0.000
data arrival time                                                        -13.070
--------------------------------------------------------------------------------
slack (VIOLATED)                                                         -13.070


#Path 4
Startpoint: blink^r_counter~0_FF.Q[0] (.latch clocked by blink^clk)
Endpoint  : blink^r_counter~2_FF.D[0] (.latch clocked by blink^clk)
Path Type : setup

Point                                                             Incr      Path
--------------------------------------------------------------------------------
clock blink^clk (rise edge)                                      0.000     0.000
clock source latency                                             0.000     0.000
blink^clk.inpad[0] (.input)                                      0.000     0.000
blink^r_counter~0_FF.clk[0] (.latch)                             0.042     0.042
blink^r_counter~0_FF.Q[0] (.latch) [clock-to-output]             0.060     0.103
n17.in[0] (.names)                                               8.588     8.691
n17.out[0] (.names)                                              0.115     8.805
blink^r_counter~2_FF.D[0] (.latch)                               0.000     8.805
data arrival time                                                          8.805

clock blink^clk (rise edge)                                      0.000     0.000
clock source latency                                             0.000     0.000
blink^clk.inpad[0] (.input)                                      0.000     0.000
blink^r_counter~2_FF.clk[0] (.latch)                             0.042     0.042
clock uncertainty                                                0.000     0.042
cell setup time                                                 -0.019     0.024
data required time                                                         0.024
--------------------------------------------------------------------------------
data required time                                                         0.024
data arrival time                                                         -8.805
--------------------------------------------------------------------------------
slack (VIOLATED)                                                          -8.782


#Path 5
Startpoint: blink^i_reset.inpad[0] (.input clocked by blink^clk)
Endpoint  : blink^r_counter~1_FF.D[0] (.latch clocked by blink^clk)
Path Type : setup

Point                                                             Incr      Path
--------------------------------------------------------------------------------
clock blink^clk (rise edge)                                      0.000     0.000
clock source latency                                             0.000     0.000
input external delay                                             0.000     0.000
blink^i_reset.inpad[0] (.input)                                  0.000     0.000
n12.in[0] (.names)                                               8.560     8.560
n12.out[0] (.names)                                              0.115     8.675
blink^r_counter~1_FF.D[0] (.latch)                               0.000     8.675
data arrival time                                                          8.675

clock blink^clk (rise edge)                                      0.000     0.000
clock source latency                                             0.000     0.000
blink^clk.inpad[0] (.input)                                      0.000     0.000
blink^r_counter~1_FF.clk[0] (.latch)                             0.042     0.042
clock uncertainty                                                0.000     0.042
cell setup time                                                 -0.019     0.024
data required time                                                         0.024
--------------------------------------------------------------------------------
data required time                                                         0.024
data arrival time                                                         -8.675
--------------------------------------------------------------------------------
slack (VIOLATED)                                                          -8.651


#Path 6
Startpoint: blink^i_reset.inpad[0] (.input clocked by blink^clk)
Endpoint  : blink^r_counter~0_FF.D[0] (.latch clocked by blink^clk)
Path Type : setup

Point                                                             Incr      Path
--------------------------------------------------------------------------------
clock blink^clk (rise edge)                                      0.000     0.000
clock source latency                                             0.000     0.000
input external delay                                             0.000     0.000
blink^i_reset.inpad[0] (.input)                                  0.000     0.000
n7.in[0] (.names)                                                7.045     7.045
n7.out[0] (.names)                                               0.114     7.159
blink^r_counter~0_FF.D[0] (.latch)                               0.000     7.159
data arrival time                                                          7.159

clock blink^clk (rise edge)                                      0.000     0.000
clock source latency                                             0.000     0.000
blink^clk.inpad[0] (.input)                                      0.000     0.000
blink^r_counter~0_FF.clk[0] (.latch)                             0.042     0.042
clock uncertainty                                                0.000     0.042
cell setup time                                                 -0.019     0.024
data required time                                                         0.024
--------------------------------------------------------------------------------
data required time                                                         0.024
data arrival time                                                         -7.159
--------------------------------------------------------------------------------
slack (VIOLATED)                                                          -7.136


#End of timing report
