#Timing report of worst 6 path(s)
# Unit scale: 1e-09 seconds
# Output precision: 3

#Path 1
Startpoint: blink^i_reset.inpad[0] (.input clocked by blink^clk)
Endpoint  : blink^r_counter~0_FF.D[0] (.latch clocked by blink^clk)
Path Type : setup

Point                                                             Incr      Path
--------------------------------------------------------------------------------
clock blink^clk (rise edge)                                      0.000     0.000
clock source latency                                             0.000     0.000
input external delay                                             0.000     0.000
blink^i_reset.inpad[0] (.input)                                  0.000     0.000
n7.in[0] (.names)                                                2.859     2.859
n7.out[0] (.names)                                               0.114     2.973
blink^r_counter~0_FF.D[0] (.latch)                               0.000     2.973
data arrival time                                                          2.973

clock blink^clk (rise edge)                                      0.000     0.000
clock source latency                                             0.000     0.000
blink^clk.inpad[0] (.input)                                      0.000     0.000
blink^r_counter~0_FF.clk[0] (.latch)                             0.042     0.042
clock uncertainty                                                0.000     0.042
cell setup time                                                 -0.019     0.024
data required time                                                         0.024
--------------------------------------------------------------------------------
data required time                                                         0.024
data arrival time                                                         -2.973
--------------------------------------------------------------------------------
slack (VIOLATED)                                                          -2.950


#Path 2
Startpoint: blink^i_reset.inpad[0] (.input clocked by blink^clk)
Endpoint  : blink^r_counter~4_FF.D[0] (.latch clocked by blink^clk)
Path Type : setup

Point                                                             Incr      Path
--------------------------------------------------------------------------------
clock blink^clk (rise edge)                                      0.000     0.000
clock source latency                                             0.000     0.000
input external delay                                             0.000     0.000
blink^i_reset.inpad[0] (.input)                                  0.000     0.000
n27.in[0] (.names)                                               2.859     2.859
n27.out[0] (.names)                                              0.114     2.973
blink^r_counter~4_FF.D[0] (.latch)                               0.000     2.973
data arrival time                                                          2.973

clock blink^clk (rise edge)                                      0.000     0.000
clock source latency                                             0.000     0.000
blink^clk.inpad[0] (.input)                                      0.000     0.000
blink^r_counter~4_FF.clk[0] (.latch)                             0.042     0.042
clock uncertainty                                                0.000     0.042
cell setup time                                                 -0.019     0.024
data required time                                                         0.024
--------------------------------------------------------------------------------
data required time                                                         0.024
data arrival time                                                         -2.973
--------------------------------------------------------------------------------
slack (VIOLATED)                                                          -2.950


#Path 3
Startpoint: blink^r_counter~0_FF.Q[0] (.latch clocked by blink^clk)
Endpoint  : blink^r_counter~3_FF.D[0] (.latch clocked by blink^clk)
Path Type : setup

Point                                                             Incr      Path
--------------------------------------------------------------------------------
clock blink^clk (rise edge)                                      0.000     0.000
clock source latency                                             0.000     0.000
blink^clk.inpad[0] (.input)                                      0.000     0.000
blink^r_counter~0_FF.clk[0] (.latch)                             0.042     0.042
blink^r_counter~0_FF.Q[0] (.latch) [clock-to-output]             0.060     0.103
n25.in[0] (.names)                                               0.836     0.939
n25.out[0] (.names)                                              0.114     1.053
n22.in[1] (.names)                                               0.836     1.889
n22.out[0] (.names)                                              0.114     2.004
blink^r_counter~3_FF.D[0] (.latch)                               0.000     2.004
data arrival time                                                          2.004

clock blink^clk (rise edge)                                      0.000     0.000
clock source latency                                             0.000     0.000
blink^clk.inpad[0] (.input)                                      0.000     0.000
blink^r_counter~3_FF.clk[0] (.latch)                             0.042     0.042
clock uncertainty                                                0.000     0.042
cell setup time                                                 -0.019     0.024
data required time                                                         0.024
--------------------------------------------------------------------------------
data required time                                                         0.024
data arrival time                                                         -2.004
--------------------------------------------------------------------------------
slack (VIOLATED)                                                          -1.980


#Path 4
Startpoint: blink^r_counter~4_FF.Q[0] (.latch clocked by blink^clk)
Endpoint  : out:blink^o_led.outpad[0] (.output clocked by blink^clk)
Path Type : setup

Point                                                             Incr      Path
--------------------------------------------------------------------------------
clock blink^clk (rise edge)                                      0.000     0.000
clock source latency                                             0.000     0.000
blink^clk.inpad[0] (.input)                                      0.000     0.000
blink^r_counter~4_FF.clk[0] (.latch)                             0.042     0.042
blink^r_counter~4_FF.Q[0] (.latch) [clock-to-output]             0.060     0.103
blink^o_led.in[0] (.names)                                       0.809     0.912
blink^o_led.out[0] (.names)                                      0.114     1.026
out:blink^o_led.outpad[0] (.output)                              0.890     1.916
data arrival time                                                          1.916

clock blink^clk (rise edge)                                      0.000     0.000
clock source latency                                             0.000     0.000
clock uncertainty                                                0.000     0.000
output external delay                                            0.000     0.000
data required time                                                         0.000
--------------------------------------------------------------------------------
data required time                                                         0.000
data arrival time                                                         -1.916
--------------------------------------------------------------------------------
slack (VIOLATED)                                                          -1.916


#Path 5
Startpoint: blink^r_counter~1_FF.Q[0] (.latch clocked by blink^clk)
Endpoint  : blink^r_counter~1_FF.D[0] (.latch clocked by blink^clk)
Path Type : setup

Point                                                             Incr      Path
--------------------------------------------------------------------------------
clock blink^clk (rise edge)                                      0.000     0.000
clock source latency                                             0.000     0.000
blink^clk.inpad[0] (.input)                                      0.000     0.000
blink^r_counter~1_FF.clk[0] (.latch)                             0.042     0.042
blink^r_counter~1_FF.Q[0] (.latch) [clock-to-output]             0.060     0.103
n12.in[2] (.names)                                               1.281     1.384
n12.out[0] (.names)                                              0.114     1.498
blink^r_counter~1_FF.D[0] (.latch)                               0.000     1.498
data arrival time                                                          1.498

clock blink^clk (rise edge)                                      0.000     0.000
clock source latency                                             0.000     0.000
blink^clk.inpad[0] (.input)                                      0.000     0.000
blink^r_counter~1_FF.clk[0] (.latch)                             0.042     0.042
clock uncertainty                                                0.000     0.042
cell setup time                                                 -0.019     0.024
data required time                                                         0.024
--------------------------------------------------------------------------------
data required time                                                         0.024
data arrival time                                                         -1.498
--------------------------------------------------------------------------------
slack (VIOLATED)                                                          -1.475


#Path 6
Startpoint: blink^r_counter~1_FF.Q[0] (.latch clocked by blink^clk)
Endpoint  : blink^r_counter~2_FF.D[0] (.latch clocked by blink^clk)
Path Type : setup

Point                                                             Incr      Path
--------------------------------------------------------------------------------
clock blink^clk (rise edge)                                      0.000     0.000
clock source latency                                             0.000     0.000
blink^clk.inpad[0] (.input)                                      0.000     0.000
blink^r_counter~1_FF.clk[0] (.latch)                             0.042     0.042
blink^r_counter~1_FF.Q[0] (.latch) [clock-to-output]             0.060     0.103
n17.in[1] (.names)                                               0.889     0.992
n17.out[0] (.names)                                              0.114     1.107
blink^r_counter~2_FF.D[0] (.latch)                               0.000     1.107
data arrival time                                                          1.107

clock blink^clk (rise edge)                                      0.000     0.000
clock source latency                                             0.000     0.000
blink^clk.inpad[0] (.input)                                      0.000     0.000
blink^r_counter~2_FF.clk[0] (.latch)                             0.042     0.042
clock uncertainty                                                0.000     0.042
cell setup time                                                 -0.019     0.024
data required time                                                         0.024
--------------------------------------------------------------------------------
data required time                                                         0.024
data arrival time                                                         -1.107
--------------------------------------------------------------------------------
slack (VIOLATED)                                                          -1.083


#End of timing report
