#Timing report of worst 6 path(s)
# Unit scale: 1e-09 seconds
# Output precision: 3

#Path 1
Startpoint: blink^i_reset.inpad[0] (.input clocked by blink^clk)
Endpoint  : blink^r_counter~1_FF.D[0] (.latch clocked by blink^clk)
Path Type : hold

Point                                                             Incr      Path
--------------------------------------------------------------------------------
clock blink^clk (rise edge)                                      0.000     0.000
clock source latency                                             0.000     0.000
input external delay                                             0.000     0.000
blink^i_reset.inpad[0] (.input)                                  0.000     0.000
n12.in[0] (.names)                                               0.165     0.165
n12.out[0] (.names)                                              0.115     0.279
blink^r_counter~1_FF.D[0] (.latch)                               0.000     0.279
data arrival time                                                          0.279

clock blink^clk (rise edge)                                      0.000     0.000
clock source latency                                             0.000     0.000
blink^clk.inpad[0] (.input)                                      0.000     0.000
blink^r_counter~1_FF.clk[0] (.latch)                             0.000     0.000
clock uncertainty                                                0.000     0.000
cell hold time                                                   0.019     0.019
data required time                                                         0.019
--------------------------------------------------------------------------------
data required time                                                        -0.019
data arrival time                                                          0.279
--------------------------------------------------------------------------------
slack (MET)                                                                0.260


#Path 2
Startpoint: blink^i_reset.inpad[0] (.input clocked by blink^clk)
Endpoint  : blink^r_counter~2_FF.D[0] (.latch clocked by blink^clk)
Path Type : hold

Point                                                             Incr      Path
--------------------------------------------------------------------------------
clock blink^clk (rise edge)                                      0.000     0.000
clock source latency                                             0.000     0.000
input external delay                                             0.000     0.000
blink^i_reset.inpad[0] (.input)                                  0.000     0.000
n17.in[2] (.names)                                               0.165     0.165
n17.out[0] (.names)                                              0.115     0.279
blink^r_counter~2_FF.D[0] (.latch)                               0.000     0.279
data arrival time                                                          0.279

clock blink^clk (rise edge)                                      0.000     0.000
clock source latency                                             0.000     0.000
blink^clk.inpad[0] (.input)                                      0.000     0.000
blink^r_counter~2_FF.clk[0] (.latch)                             0.000     0.000
clock uncertainty                                                0.000     0.000
cell hold time                                                   0.019     0.019
data required time                                                         0.019
--------------------------------------------------------------------------------
data required time                                                        -0.019
data arrival time                                                          0.279
--------------------------------------------------------------------------------
slack (MET)                                                                0.260


#Path 3
Startpoint: blink^r_counter~4_FF.Q[0] (.latch clocked by blink^clk)
Endpoint  : blink^r_counter~4_FF.D[0] (.latch clocked by blink^clk)
Path Type : hold

Point                                                             Incr      Path
--------------------------------------------------------------------------------
clock blink^clk (rise edge)                                      0.000     0.000
clock source latency                                             0.000     0.000
blink^clk.inpad[0] (.input)                                      0.000     0.000
blink^r_counter~4_FF.clk[0] (.latch)                             0.000     0.000
blink^r_counter~4_FF.Q[0] (.latch) [clock-to-output]             0.060     0.060
n27.in[2] (.names)                                               0.166     0.226
n27.out[0] (.names)                                              0.114     0.341
blink^r_counter~4_FF.D[0] (.latch)                               0.000     0.341
data arrival time                                                          0.341

clock blink^clk (rise edge)                                      0.000     0.000
clock source latency                                             0.000     0.000
blink^clk.inpad[0] (.input)                                      0.000     0.000
blink^r_counter~4_FF.clk[0] (.latch)                             0.000     0.000
clock uncertainty                                                0.000     0.000
cell hold time                                                   0.019     0.019
data required time                                                         0.019
--------------------------------------------------------------------------------
data required time                                                        -0.019
data arrival time                                                          0.341
--------------------------------------------------------------------------------
slack (MET)                                                                0.322


#Path 4
Startpoint: blink^i_reset.inpad[0] (.input clocked by blink^clk)
Endpoint  : blink^r_counter~0_FF.D[0] (.latch clocked by blink^clk)
Path Type : hold

Point                                                             Incr      Path
--------------------------------------------------------------------------------
clock blink^clk (rise edge)                                      0.000     0.000
clock source latency                                             0.000     0.000
input external delay                                             0.000     0.000
blink^i_reset.inpad[0] (.input)                                  0.000     0.000
n7.in[0] (.names)                                                0.262     0.262
n7.out[0] (.names)                                               0.114     0.377
blink^r_counter~0_FF.D[0] (.latch)                               0.000     0.377
data arrival time                                                          0.377

clock blink^clk (rise edge)                                      0.000     0.000
clock source latency                                             0.000     0.000
blink^clk.inpad[0] (.input)                                      0.000     0.000
blink^r_counter~0_FF.clk[0] (.latch)                             0.000     0.000
clock uncertainty                                                0.000     0.000
cell hold time                                                   0.019     0.019
data required time                                                         0.019
--------------------------------------------------------------------------------
data required time                                                        -0.019
data arrival time                                                          0.377
--------------------------------------------------------------------------------
slack (MET)                                                                0.358


#Path 5
Startpoint: blink^r_counter~3_FF.Q[0] (.latch clocked by blink^clk)
Endpoint  : blink^r_counter~3_FF.D[0] (.latch clocked by blink^clk)
Path Type : hold

Point                                                             Incr      Path
--------------------------------------------------------------------------------
clock blink^clk (rise edge)                                      0.000     0.000
clock source latency                                             0.000     0.000
blink^clk.inpad[0] (.input)                                      0.000     0.000
blink^r_counter~3_FF.clk[0] (.latch)                             0.000     0.000
blink^r_counter~3_FF.Q[0] (.latch) [clock-to-output]             0.060     0.060
n22.in[2] (.names)                                               0.280     0.340
n22.out[0] (.names)                                              0.114     0.455
blink^r_counter~3_FF.D[0] (.latch)                               0.000     0.455
data arrival time                                                          0.455

clock blink^clk (rise edge)                                      0.000     0.000
clock source latency                                             0.000     0.000
blink^clk.inpad[0] (.input)                                      0.000     0.000
blink^r_counter~3_FF.clk[0] (.latch)                             0.000     0.000
clock uncertainty                                                0.000     0.000
cell hold time                                                   0.019     0.019
data required time                                                         0.019
--------------------------------------------------------------------------------
data required time                                                        -0.019
data arrival time                                                          0.455
--------------------------------------------------------------------------------
slack (MET)                                                                0.436


#Path 6
Startpoint: blink^r_counter~4_FF.Q[0] (.latch clocked by blink^clk)
Endpoint  : out:blink^o_led.outpad[0] (.output clocked by blink^clk)
Path Type : hold

Point                                                             Incr      Path
--------------------------------------------------------------------------------
clock blink^clk (rise edge)                                      0.000     0.000
clock source latency                                             0.000     0.000
blink^clk.inpad[0] (.input)                                      0.000     0.000
blink^r_counter~4_FF.clk[0] (.latch)                             0.000     0.000
blink^r_counter~4_FF.Q[0] (.latch) [clock-to-output]             0.060     0.060
blink^o_led.in[0] (.names)                                       0.166     0.226
blink^o_led.out[0] (.names)                                      0.114     0.341
out:blink^o_led.outpad[0] (.output)                              0.255     0.596
data arrival time                                                          0.596

clock blink^clk (rise edge)                                      0.000     0.000
clock source latency                                             0.000     0.000
clock uncertainty                                                0.000     0.000
output external delay                                            0.000     0.000
data required time                                                         0.000
--------------------------------------------------------------------------------
data required time                                                        -0.000
data arrival time                                                          0.596
--------------------------------------------------------------------------------
slack (MET)                                                                0.596


#End of timing report
